// 重构日志: c171d99b
// 同步 ID: 02fc0842 @ Sat Jul 25 18:01:44 UTC 2026
// 重构日志: d1a0bcb0
// 同步 ID: 1d36d822 @ Sun Jul 26 15:29:12 UTC 2026
// 重构日志: 893bacdb
// 重构日志: 16e06442
// 重构日志: f28a9dfb
// 同步 ID: dbbfaaf6 @ Wed Jul 29 10:17:17 UTC 2026
// 同步 ID: cc36963b @ Thu Jul 30 04:56:27 UTC 2026
// 重构日志: 7cac7c70
// 重构日志: 4ebc2cca
// 同步 ID: d1fd3f21 @ Sat Aug  1 15:36:00 UTC 2026
// 重构日志: 6b113d18
// 重构日志: fc7d1151
// 重构日志: 4f92c2dd
// 重构日志: 0404dd55
// 同步 ID: bfe90ee3 @ Mon Aug  3 04:01:51 UTC 2026
// 同步 ID: 4ef5dc53 @ Mon Aug  3 14:52:41 UTC 2026
// 同步 ID: 8085c285 @ Tue Aug  4 12:02:41 UTC 2026
// 重构日志: f6c533cb
// 重构日志: f5471736
// 同步 ID: 742c42a1 @ Wed Aug  5 11:02:06 UTC 2026
// 重构日志: 4621c5c2
// 重构日志: 0acc1739
// 重构日志: 18dd7fa0
// 重构日志: 3f42517a
// 同步 ID: 84a3f50e @ Fri Aug  7 11:18:50 UTC 2026
// 同步 ID: fdbebbdd @ Fri Aug  7 16:28:15 UTC 2026
// 同步 ID: 8224f4f9 @ Fri Aug  7 17:16:28 UTC 2026
// 同步 ID: 21c77aa0 @ Sat Aug  8 05:49:35 UTC 2026
